2025-12-09 04:59:12,431 INFO Set uid to user 0 succeeded
2025-12-09 04:59:12,437 INFO supervisord started with pid 1
2025-12-09 04:59:13,442 INFO spawned: 'php-fpm' with pid 2
2025-12-09 04:59:13,445 INFO spawned: 'nginx' with pid 3
2025-12-09 04:59:14,922 INFO success: php-fpm entered RUNNING state, process has stayed up for > than 1 seconds (startsecs)
2025-12-09 04:59:14,923 INFO success: nginx entered RUNNING state, process has stayed up for > than 1 seconds (startsecs)
2025-12-09 05:00:05,655 INFO Set uid to user 0 succeeded
2025-12-09 05:00:05,656 INFO supervisord started with pid 1
2025-12-09 05:00:06,661 INFO spawned: 'php-fpm' with pid 2
2025-12-09 05:00:06,663 INFO spawned: 'nginx' with pid 3
2025-12-09 05:00:07,691 INFO success: php-fpm entered RUNNING state, process has stayed up for > than 1 seconds (startsecs)
2025-12-09 05:00:07,691 INFO success: nginx entered RUNNING state, process has stayed up for > than 1 seconds (startsecs)
2025-12-09 05:01:02,061 WARN received SIGTERM indicating exit request
2025-12-09 05:01:02,061 INFO waiting for php-fpm, nginx to die
2025-12-09 05:01:02,068 INFO stopped: nginx (exit status 0)
2025-12-09 05:01:02,120 INFO stopped: php-fpm (exit status 0)
2025-12-09 05:01:16,789 WARN received SIGTERM indicating exit request
2025-12-09 05:01:16,789 INFO waiting for php-fpm, nginx to die
2025-12-09 05:01:16,796 INFO stopped: nginx (exit status 0)
2025-12-09 05:01:16,806 INFO stopped: php-fpm (exit status 0)
2025-12-09 05:01:42,942 INFO Set uid to user 0 succeeded
2025-12-09 05:01:42,978 INFO supervisord started with pid 1
2025-12-09 05:01:43,983 INFO spawned: 'php-fpm' with pid 2
2025-12-09 05:01:43,986 INFO spawned: 'nginx' with pid 3
2025-12-09 05:01:45,581 INFO success: php-fpm entered RUNNING state, process has stayed up for > than 1 seconds (startsecs)
2025-12-09 05:01:45,581 INFO success: nginx entered RUNNING state, process has stayed up for > than 1 seconds (startsecs)
2025-12-09 05:03:49,500 INFO exited: nginx (exit status 0; expected)
2025-12-09 05:03:49,501 WARN received SIGTERM indicating exit request
2025-12-09 05:03:49,501 INFO waiting for php-fpm to die
2025-12-09 05:03:49,525 INFO exited: php-fpm (exit status 0; expected)
2025-12-09 05:10:18,776 INFO Set uid to user 0 succeeded
2025-12-09 05:10:18,783 INFO supervisord started with pid 1
2025-12-09 05:10:19,788 INFO spawned: 'php-fpm' with pid 2
2025-12-09 05:10:19,791 INFO spawned: 'nginx' with pid 3
2025-12-09 05:10:21,586 INFO success: php-fpm entered RUNNING state, process has stayed up for > than 1 seconds (startsecs)
2025-12-09 05:10:21,586 INFO success: nginx entered RUNNING state, process has stayed up for > than 1 seconds (startsecs)
2025-12-09 05:28:17,494 INFO Set uid to user 0 succeeded
2025-12-09 05:28:17,508 INFO supervisord started with pid 1
2025-12-09 05:28:18,513 INFO spawned: 'php-fpm' with pid 2
2025-12-09 05:28:18,516 INFO spawned: 'nginx' with pid 3
2025-12-09 05:28:20,011 INFO success: php-fpm entered RUNNING state, process has stayed up for > than 1 seconds (startsecs)
2025-12-09 05:28:20,011 INFO success: nginx entered RUNNING state, process has stayed up for > than 1 seconds (startsecs)
2025-12-09 06:15:34,917 WARN received SIGTERM indicating exit request
2025-12-09 06:15:34,917 INFO waiting for php-fpm, nginx to die
2025-12-09 06:15:34,924 INFO stopped: nginx (exit status 0)
2025-12-09 06:15:35,018 INFO stopped: php-fpm (exit status 0)
2025-12-09 06:43:02,156 WARN received SIGTERM indicating exit request
2025-12-09 06:43:02,156 INFO waiting for php-fpm, nginx to die
2025-12-09 06:43:02,162 INFO stopped: nginx (exit status 0)
2025-12-09 06:43:02,184 INFO stopped: php-fpm (exit status 0)
2025-12-09 06:43:18,683 INFO Set uid to user 0 succeeded
2025-12-09 06:43:18,689 INFO supervisord started with pid 1
2025-12-09 06:43:19,694 INFO spawned: 'php-fpm' with pid 3
2025-12-09 06:43:19,696 INFO spawned: 'nginx' with pid 4
2025-12-09 06:43:21,185 INFO success: php-fpm entered RUNNING state, process has stayed up for > than 1 seconds (startsecs)
2025-12-09 06:43:21,186 INFO success: nginx entered RUNNING state, process has stayed up for > than 1 seconds (startsecs)
2025-12-10 03:30:57,484 INFO exited: nginx (exit status 0; expected)
2025-12-10 03:30:57,484 WARN received SIGTERM indicating exit request
2025-12-10 03:30:57,484 INFO waiting for php-fpm to die
2025-12-10 03:30:57,501 INFO exited: php-fpm (exit status 0; expected)
2025-12-10 03:32:56,400 INFO Set uid to user 0 succeeded
2025-12-10 03:32:56,441 INFO supervisord started with pid 1
2025-12-10 03:32:57,450 INFO spawned: 'php-fpm' with pid 2
2025-12-10 03:32:57,452 INFO spawned: 'nginx' with pid 3
2025-12-10 03:32:59,253 INFO success: php-fpm entered RUNNING state, process has stayed up for > than 1 seconds (startsecs)
2025-12-10 03:32:59,253 INFO success: nginx entered RUNNING state, process has stayed up for > than 1 seconds (startsecs)
2025-12-10 03:34:26,834 WARN received SIGTERM indicating exit request
2025-12-10 03:34:26,834 INFO waiting for php-fpm, nginx to die
2025-12-10 03:34:26,857 INFO exited: php-fpm (exit status 0; expected)
2025-12-10 03:34:26,857 INFO stopped: nginx (exit status 0)
2025-12-10 03:49:37,083 INFO Set uid to user 0 succeeded
2025-12-10 03:49:37,085 INFO supervisord started with pid 1
2025-12-10 03:49:38,091 INFO spawned: 'php-fpm' with pid 2
2025-12-10 03:49:38,093 INFO spawned: 'nginx' with pid 3
2025-12-10 03:49:39,520 INFO success: php-fpm entered RUNNING state, process has stayed up for > than 1 seconds (startsecs)
2025-12-10 03:49:39,520 INFO success: nginx entered RUNNING state, process has stayed up for > than 1 seconds (startsecs)
